// Jest Snapshot v1, https://goo.gl/fbAQLP

exports[`Body matches snapshot 1`] = `
<Box
  background="#f9f9fa"
  direction="row"
  fill="true"
  justify="center"
>
  <Box
    width="xlarge"
  >
    <Switch>
      <Route
        component={[Function]}
        path="/invoices/new"
      />
      <Route
        component={[Function]}
        path="/invoices"
      />
      <Route
        component={[Function]}
        path="/purchaseOrders"
      />
      <Route
        component={[Function]}
        path="/contacts"
      />
      <Route
        component={[Function]}
        path="/"
      />
    </Switch>
  </Box>
</Box>
`;
