// Jest Snapshot v1, https://goo.gl/fbAQLP

exports[`Body matches snapshot 1`] = `
<Box
  background="bodyBackground"
  border="top"
  direction="row"
  fill="true"
  justify="center"
>
  <Box
    width="xlarge"
  >
    <Switch>
      <Connect(ProtectedRoute)
        component={[Function]}
        path="/invoices/new"
      />
      <Connect(ProtectedRoute)
        component={[Function]}
        path="/invoices"
      />
      <Connect(ProtectedRoute)
        component={[Function]}
        path="/purchaseOrders"
      />
      <Connect(ProtectedRoute)
        component={[Function]}
        path="/contacts/create"
      />
      <Connect(ProtectedRoute)
        component={[Function]}
        path="/contacts"
      />
      <Route
        component={[Function]}
        path="/"
      />
    </Switch>
  </Box>
</Box>
`;
