// Jest Snapshot v1, https://goo.gl/fbAQLP

exports[`SpacedContent matches snapshot 1`] = `
<Grid
  areas={
    Array [
      Object {
        "end": Array [
          0,
          0,
        ],
        "name": "left-spacer",
        "start": Array [
          0,
          0,
        ],
      },
      Object {
        "end": Array [
          1,
          0,
        ],
        "name": "content",
        "start": Array [
          1,
          0,
        ],
      },
      Object {
        "end": Array [
          2,
          0,
        ],
        "name": "right-spacer",
        "start": Array [
          2,
          0,
        ],
      },
    ]
  }
  columns={
    Array [
      "auto",
      "xlarge",
      "auto",
    ]
  }
  fill="true"
  rows={
    Array [
      "flex",
    ]
  }
>
  <Box
    gridArea="left-spacer"
  />
  <Box
    gridArea="content"
  />
  <Box
    gridArea="right-spacer"
  />
</Grid>
`;
